// Jest Snapshot v1, https://goo.gl/fbAQLP

exports[`render ExpenseDashboardPage 1`] = `
<div>
  This is from my dashboard component!
  <Connect(ExpensesFilter) />
  <Connect(ExpensesList) />
</div>
`;
